// Jest Snapshot v1, https://goo.gl/fbAQLP

exports[`<Video /> renders a <Video /> component with an id 1`] = `
<div
  className="video-container"
>
  <div
    className="video"
  >
    <iframe
      allow="autoplay; encrypted-media"
      allowFullScreen={true}
      className="video-player"
      frameBorder="0"
      height="315"
      src="https://www.youtube.com/embed/some_id"
      title="unique_title"
      width="560"
    />
  </div>
</div>
`;

exports[`<Video /> renders an empty <Video /> 1`] = `""`;
