// Jest Snapshot v1, https://goo.gl/fbAQLP

exports[`<CommentsHeader /> renders <CommentsHeader /> 1`] = `
<div
  className="comments-header"
>
  <h4>
     Comments
  </h4>
  <Button
    as="button"
    basic={true}
    compact={true}
    icon={true}
    labelPosition="left"
  >
    <Icon
      as="i"
      name="align left"
    />
    Sort by
  </Button>
</div>
`;

exports[`<CommentsHeader /> renders <CommentsHeader /> with a amountComments prop 1`] = `
<div
  className="comments-header"
>
  <h4>
    123
     Comments
  </h4>
  <Button
    as="button"
    basic={true}
    compact={true}
    icon={true}
    labelPosition="left"
  >
    <Icon
      as="i"
      name="align left"
    />
    Sort by
  </Button>
</div>
`;
