// Jest Snapshot v1, https://goo.gl/fbAQLP

exports[`<RelatedVideos /> renders <RelatedVideos /> 1`] = `
<div
  className="related-videos"
>
  <nextUpVideo />
  <videoPreview
    horizontal={true}
  />
  <videoPreview
    horizontal={true}
  />
  <videoPreview
    horizontal={true}
  />
</div>
`;
