// Jest Snapshot v1, https://goo.gl/fbAQLP

exports[`<App /> renders <App /> component 1`] = `
<appLayout>
  <Switch>
    <Route
      component={[Function]}
      path="/watch"
    />
    <Route
      component={[Function]}
      path="/"
    />
  </Switch>
</appLayout>
`;
