// Jest Snapshot v1, https://goo.gl/fbAQLP

exports[`<VideoPreview /> renders <VideoPreview /> 1`] = `<div />`;

exports[`<VideoPreview /> renders <VideoPreview /> horizontally 1`] = `<div />`;
